H´œS¨Ÿä¥H÷÷ç’(È\êîVƒÛ`¾cZ×ÙÑP¨!†PKÅgÆB_©þ(²&#T½,¹Dð¡þSj@X¿“Lñ%8Çffõ®¯ÝBŒÑ„ ô®±%ítÑ×ü÷ê£‹/FTœöTï†º:^ó}Zs?¯